1791246006 open 1791299327
1791246061 open 1791299327
1791246114 open 1791299327
1791246167 closed 1791299328
1791246217 open 1791299328
1791246272 open 1791299328
1791246325 open 1791299328
1791246378 open 1791299328
1791246430 closed 1791299329
1791246483 closed 1791299329
1791246535 closed 1791299329
1791246588 closed 1791299329
1791246640 closed 1791299329
1791246693 open 1791299330
1791246745 open 1791299330
1791246798 closed 1791299330
1791246850 closed 1791299330
1791246903 closed 1791299330
1791246955 closed 1791299330
1791247008 closed 1791299331
1791247060 closed 1791299331
1791247113 closed 1791299331
1791247166 closed 1791299331
1791247218 closed 1791299331
1791247271 closed 1791299331
1791247324 closed 1791299332
1791247377 closed 1791299332
--- sent.log:
--- poll:
not ok - the connection gate closed while this machine was nearly idle
